// Jest Snapshot v1, https://goo.gl/fbAQLP

exports[`Тестирование функции получения квадрата числа getSquare 1`] = `25`;

exports[`Тестирование функции получения квадрата числа getSquare 2`] = `25`;

exports[`Тестирование функции получения квадрата числа getSquare 3`] = `0`;
